[0.565s] Invoking command in '/home/jegur/gazebo_ws/build/car_sim': DEBUGINFOD_URLS=https://debuginfod.ubuntu.com PYTHONPATH=/home/jegur/gazebo_ws/build/car_sim/prefix_override:/usr/lib/python3/dist-packages/colcon_core/task/python/colcon_distutils_commands:/home/jegur/gazebo_ws/install/car_sim/lib/python3.12/site-packages:${PYTHONPATH} /usr/bin/python3 -W ignore:setup.py install is deprecated -W ignore:easy_install command is deprecated setup.py develop --uninstall --editable --build-directory /home/jegur/gazebo_ws/build/car_sim/build
[0.755s] running develop
[0.871s] Removing /home/jegur/gazebo_ws/install/car_sim/lib/python3.12/site-packages/car-sim.egg-link (link to .)
[0.891s] Invoked command in '/home/jegur/gazebo_ws/build/car_sim' returned '0': DEBUGINFOD_URLS=https://debuginfod.ubuntu.com PYTHONPATH=/home/jegur/gazebo_ws/build/car_sim/prefix_override:/usr/lib/python3/dist-packages/colcon_core/task/python/colcon_distutils_commands:/home/jegur/gazebo_ws/install/car_sim/lib/python3.12/site-packages:${PYTHONPATH} /usr/bin/python3 -W ignore:setup.py install is deprecated -W ignore:easy_install command is deprecated setup.py develop --uninstall --editable --build-directory /home/jegur/gazebo_ws/build/car_sim/build
[0.891s] Invoking command in '/home/jegur/gazebo_ws/src/car_sim': DEBUGINFOD_URLS=https://debuginfod.ubuntu.com PYTHONPATH=/home/jegur/gazebo_ws/build/car_sim/prefix_override:/usr/lib/python3/dist-packages/colcon_core/task/python/colcon_distutils_commands:/home/jegur/gazebo_ws/install/car_sim/lib/python3.12/site-packages:${PYTHONPATH} /usr/bin/python3 -W ignore:setup.py install is deprecated -W ignore:easy_install command is deprecated setup.py egg_info --egg-base ../../build/car_sim build --build-base /home/jegur/gazebo_ws/build/car_sim/build install --record /home/jegur/gazebo_ws/build/car_sim/install.log --install-scripts $base/lib/car_sim --single-version-externally-managed install_data --force
[1.063s] running egg_info
[1.073s] writing ../../build/car_sim/car_sim.egg-info/PKG-INFO
[1.073s] writing dependency_links to ../../build/car_sim/car_sim.egg-info/dependency_links.txt
[1.073s] writing entry points to ../../build/car_sim/car_sim.egg-info/entry_points.txt
[1.073s] writing requirements to ../../build/car_sim/car_sim.egg-info/requires.txt
[1.073s] writing top-level names to ../../build/car_sim/car_sim.egg-info/top_level.txt
[1.095s] reading manifest file '../../build/car_sim/car_sim.egg-info/SOURCES.txt'
[1.096s] writing manifest file '../../build/car_sim/car_sim.egg-info/SOURCES.txt'
[1.096s] running build
[1.096s] running build_py
[1.096s] creating /home/jegur/gazebo_ws/build/car_sim/build/lib/camera
[1.096s] copying camera/camera_sensor.py -> /home/jegur/gazebo_ws/build/car_sim/build/lib/camera
[1.096s] copying camera/__init__.py -> /home/jegur/gazebo_ws/build/car_sim/build/lib/camera
[1.096s] running install
[1.101s] running install_lib
[1.112s] creating /home/jegur/gazebo_ws/install/car_sim/lib/python3.12/site-packages/car_sim
[1.112s] copying /home/jegur/gazebo_ws/build/car_sim/build/lib/car_sim/__init__.py -> /home/jegur/gazebo_ws/install/car_sim/lib/python3.12/site-packages/car_sim
[1.112s] creating /home/jegur/gazebo_ws/install/car_sim/lib/python3.12/site-packages/camera
[1.112s] copying /home/jegur/gazebo_ws/build/car_sim/build/lib/camera/camera_sensor.py -> /home/jegur/gazebo_ws/install/car_sim/lib/python3.12/site-packages/camera
[1.112s] copying /home/jegur/gazebo_ws/build/car_sim/build/lib/camera/__init__.py -> /home/jegur/gazebo_ws/install/car_sim/lib/python3.12/site-packages/camera
[1.112s] byte-compiling /home/jegur/gazebo_ws/install/car_sim/lib/python3.12/site-packages/car_sim/__init__.py to __init__.cpython-312.pyc
[1.113s] byte-compiling /home/jegur/gazebo_ws/install/car_sim/lib/python3.12/site-packages/camera/camera_sensor.py to camera_sensor.cpython-312.pyc
[1.113s] byte-compiling /home/jegur/gazebo_ws/install/car_sim/lib/python3.12/site-packages/camera/__init__.py to __init__.cpython-312.pyc
[1.113s] running install_data
[1.113s] copying resource/car_sim -> /home/jegur/gazebo_ws/install/car_sim/share/ament_index/resource_index/packages
[1.114s] copying package.xml -> /home/jegur/gazebo_ws/install/car_sim/share/car_sim
[1.114s] copying launch/car.launch.py -> /home/jegur/gazebo_ws/install/car_sim/share/car_sim/launch
[1.114s] copying urdf/gazebo.xacro -> /home/jegur/gazebo_ws/install/car_sim/share/car_sim/urdf
[1.115s] copying urdf/inertial.xacro -> /home/jegur/gazebo_ws/install/car_sim/share/car_sim/urdf
[1.115s] copying urdf/car.xacro -> /home/jegur/gazebo_ws/install/car_sim/share/car_sim/urdf
[1.116s] copying map/city_world.sdf -> /home/jegur/gazebo_ws/install/car_sim/share/car_sim/worlds
[1.116s] running install_egg_info
[1.128s] Copying ../../build/car_sim/car_sim.egg-info to /home/jegur/gazebo_ws/install/car_sim/lib/python3.12/site-packages/car_sim-0.0.0-py3.12.egg-info
[1.129s] running install_scripts
[1.204s] Installing camera_sensor script to /home/jegur/gazebo_ws/install/car_sim/lib/car_sim
[1.204s] writing list of installed files to '/home/jegur/gazebo_ws/build/car_sim/install.log'
[1.221s] Invoked command in '/home/jegur/gazebo_ws/src/car_sim' returned '0': DEBUGINFOD_URLS=https://debuginfod.ubuntu.com PYTHONPATH=/home/jegur/gazebo_ws/build/car_sim/prefix_override:/usr/lib/python3/dist-packages/colcon_core/task/python/colcon_distutils_commands:/home/jegur/gazebo_ws/install/car_sim/lib/python3.12/site-packages:${PYTHONPATH} /usr/bin/python3 -W ignore:setup.py install is deprecated -W ignore:easy_install command is deprecated setup.py egg_info --egg-base ../../build/car_sim build --build-base /home/jegur/gazebo_ws/build/car_sim/build install --record /home/jegur/gazebo_ws/build/car_sim/install.log --install-scripts $base/lib/car_sim --single-version-externally-managed install_data --force
