/home/jegur/gazebo_ws/install/car_sim/lib/python3.12/site-packages/car_sim/__init__.py
/home/jegur/gazebo_ws/install/car_sim/lib/python3.12/site-packages/camera/camera_sensor_test.py
/home/jegur/gazebo_ws/install/car_sim/lib/python3.12/site-packages/camera/camera_sensor.py
/home/jegur/gazebo_ws/install/car_sim/lib/python3.12/site-packages/camera/__init__.py
/home/jegur/gazebo_ws/install/car_sim/lib/python3.12/site-packages/camera/camera_test.py
/home/jegur/gazebo_ws/install/car_sim/lib/python3.12/site-packages/car_sim/__pycache__/__init__.cpython-312.pyc
/home/jegur/gazebo_ws/install/car_sim/lib/python3.12/site-packages/camera/__pycache__/camera_sensor_test.cpython-312.pyc
/home/jegur/gazebo_ws/install/car_sim/lib/python3.12/site-packages/camera/__pycache__/camera_sensor.cpython-312.pyc
/home/jegur/gazebo_ws/install/car_sim/lib/python3.12/site-packages/camera/__pycache__/__init__.cpython-312.pyc
/home/jegur/gazebo_ws/install/car_sim/lib/python3.12/site-packages/camera/__pycache__/camera_test.cpython-312.pyc
/home/jegur/gazebo_ws/install/car_sim/share/ament_index/resource_index/packages/car_sim
/home/jegur/gazebo_ws/install/car_sim/share/car_sim/package.xml
/home/jegur/gazebo_ws/install/car_sim/share/car_sim/launch/car.launch.py
/home/jegur/gazebo_ws/install/car_sim/share/car_sim/urdf/gazebo.xacro
/home/jegur/gazebo_ws/install/car_sim/share/car_sim/urdf/inertial.xacro
/home/jegur/gazebo_ws/install/car_sim/share/car_sim/urdf/car.xacro
/home/jegur/gazebo_ws/install/car_sim/share/car_sim/worlds/control_world.sdf
/home/jegur/gazebo_ws/install/car_sim/share/car_sim/worlds/city_world.sdf
/home/jegur/gazebo_ws/install/car_sim/share/car_sim/param/bev_param.yaml
/home/jegur/gazebo_ws/install/car_sim/lib/python3.12/site-packages/car_sim-0.0.0-py3.12.egg-info/requires.txt
/home/jegur/gazebo_ws/install/car_sim/lib/python3.12/site-packages/car_sim-0.0.0-py3.12.egg-info/SOURCES.txt
/home/jegur/gazebo_ws/install/car_sim/lib/python3.12/site-packages/car_sim-0.0.0-py3.12.egg-info/dependency_links.txt
/home/jegur/gazebo_ws/install/car_sim/lib/python3.12/site-packages/car_sim-0.0.0-py3.12.egg-info/PKG-INFO
/home/jegur/gazebo_ws/install/car_sim/lib/python3.12/site-packages/car_sim-0.0.0-py3.12.egg-info/zip-safe
/home/jegur/gazebo_ws/install/car_sim/lib/python3.12/site-packages/car_sim-0.0.0-py3.12.egg-info/entry_points.txt
/home/jegur/gazebo_ws/install/car_sim/lib/python3.12/site-packages/car_sim-0.0.0-py3.12.egg-info/top_level.txt
/home/jegur/gazebo_ws/install/car_sim/lib/car_sim/camera_sensor
/home/jegur/gazebo_ws/install/car_sim/lib/car_sim/camera_sensor_test
/home/jegur/gazebo_ws/install/car_sim/lib/car_sim/camera_test
