running egg_info
creating ../../build/car_sim/car_sim.egg-info
writing ../../build/car_sim/car_sim.egg-info/PKG-INFO
writing dependency_links to ../../build/car_sim/car_sim.egg-info/dependency_links.txt
writing requirements to ../../build/car_sim/car_sim.egg-info/requires.txt
writing top-level names to ../../build/car_sim/car_sim.egg-info/top_level.txt
writing manifest file '../../build/car_sim/car_sim.egg-info/SOURCES.txt'
reading manifest file '../../build/car_sim/car_sim.egg-info/SOURCES.txt'
writing manifest file '../../build/car_sim/car_sim.egg-info/SOURCES.txt'
running build
running build_py
creating /home/jegur/gazebo_ws/build/car_sim/build
creating /home/jegur/gazebo_ws/build/car_sim/build/lib
creating /home/jegur/gazebo_ws/build/car_sim/build/lib/car_sim
copying car_sim/__init__.py -> /home/jegur/gazebo_ws/build/car_sim/build/lib/car_sim
running install
running install_lib
creating /home/jegur/gazebo_ws/install/car_sim/lib/python3.12/site-packages/car_sim
copying /home/jegur/gazebo_ws/build/car_sim/build/lib/car_sim/__init__.py -> /home/jegur/gazebo_ws/install/car_sim/lib/python3.12/site-packages/car_sim
byte-compiling /home/jegur/gazebo_ws/install/car_sim/lib/python3.12/site-packages/car_sim/__init__.py to __init__.cpython-312.pyc
running install_data
creating /home/jegur/gazebo_ws/install/car_sim/share/ament_index
creating /home/jegur/gazebo_ws/install/car_sim/share/ament_index/resource_index
creating /home/jegur/gazebo_ws/install/car_sim/share/ament_index/resource_index/packages
copying resource/car_sim -> /home/jegur/gazebo_ws/install/car_sim/share/ament_index/resource_index/packages
copying package.xml -> /home/jegur/gazebo_ws/install/car_sim/share/car_sim
running install_egg_info
Copying ../../build/car_sim/car_sim.egg-info to /home/jegur/gazebo_ws/install/car_sim/lib/python3.12/site-packages/car_sim-0.0.0-py3.12.egg-info
running install_scripts
writing list of installed files to '/home/jegur/gazebo_ws/build/car_sim/install.log'
