[0.577s] Invoking command in '/home/jegur/gazebo_ws/src/car_sim': DEBUGINFOD_URLS=https://debuginfod.ubuntu.com PYTHONPATH=/home/jegur/gazebo_ws/build/car_sim/prefix_override:/usr/lib/python3/dist-packages/colcon_core/task/python/colcon_distutils_commands:/home/jegur/gazebo_ws/install/car_sim/lib/python3.12/site-packages:${PYTHONPATH} /usr/bin/python3 -W ignore:setup.py install is deprecated -W ignore:easy_install command is deprecated setup.py egg_info --egg-base ../../build/car_sim build --build-base /home/jegur/gazebo_ws/build/car_sim/build install --record /home/jegur/gazebo_ws/build/car_sim/install.log --install-scripts $base/lib/car_sim --single-version-externally-managed install_data
[0.740s] running egg_info
[0.741s] creating ../../build/car_sim/car_sim.egg-info
[0.751s] writing ../../build/car_sim/car_sim.egg-info/PKG-INFO
[0.751s] writing dependency_links to ../../build/car_sim/car_sim.egg-info/dependency_links.txt
[0.751s] writing requirements to ../../build/car_sim/car_sim.egg-info/requires.txt
[0.751s] writing top-level names to ../../build/car_sim/car_sim.egg-info/top_level.txt
[0.751s] writing manifest file '../../build/car_sim/car_sim.egg-info/SOURCES.txt'
[0.773s] reading manifest file '../../build/car_sim/car_sim.egg-info/SOURCES.txt'
[0.773s] writing manifest file '../../build/car_sim/car_sim.egg-info/SOURCES.txt'
[0.773s] running build
[0.773s] running build_py
[0.773s] creating /home/jegur/gazebo_ws/build/car_sim/build
[0.774s] creating /home/jegur/gazebo_ws/build/car_sim/build/lib
[0.774s] creating /home/jegur/gazebo_ws/build/car_sim/build/lib/car_sim
[0.774s] copying car_sim/__init__.py -> /home/jegur/gazebo_ws/build/car_sim/build/lib/car_sim
[0.774s] running install
[0.778s] running install_lib
[0.789s] creating /home/jegur/gazebo_ws/install/car_sim/lib/python3.12/site-packages/car_sim
[0.789s] copying /home/jegur/gazebo_ws/build/car_sim/build/lib/car_sim/__init__.py -> /home/jegur/gazebo_ws/install/car_sim/lib/python3.12/site-packages/car_sim
[0.789s] byte-compiling /home/jegur/gazebo_ws/install/car_sim/lib/python3.12/site-packages/car_sim/__init__.py to __init__.cpython-312.pyc
[0.789s] running install_data
[0.789s] creating /home/jegur/gazebo_ws/install/car_sim/share/ament_index
[0.789s] creating /home/jegur/gazebo_ws/install/car_sim/share/ament_index/resource_index
[0.789s] creating /home/jegur/gazebo_ws/install/car_sim/share/ament_index/resource_index/packages
[0.789s] copying resource/car_sim -> /home/jegur/gazebo_ws/install/car_sim/share/ament_index/resource_index/packages
[0.789s] copying package.xml -> /home/jegur/gazebo_ws/install/car_sim/share/car_sim
[0.789s] running install_egg_info
[0.801s] Copying ../../build/car_sim/car_sim.egg-info to /home/jegur/gazebo_ws/install/car_sim/lib/python3.12/site-packages/car_sim-0.0.0-py3.12.egg-info
[0.801s] running install_scripts
[0.877s] writing list of installed files to '/home/jegur/gazebo_ws/build/car_sim/install.log'
[0.893s] Invoked command in '/home/jegur/gazebo_ws/src/car_sim' returned '0': DEBUGINFOD_URLS=https://debuginfod.ubuntu.com PYTHONPATH=/home/jegur/gazebo_ws/build/car_sim/prefix_override:/usr/lib/python3/dist-packages/colcon_core/task/python/colcon_distutils_commands:/home/jegur/gazebo_ws/install/car_sim/lib/python3.12/site-packages:${PYTHONPATH} /usr/bin/python3 -W ignore:setup.py install is deprecated -W ignore:easy_install command is deprecated setup.py egg_info --egg-base ../../build/car_sim build --build-base /home/jegur/gazebo_ws/build/car_sim/build install --record /home/jegur/gazebo_ws/build/car_sim/install.log --install-scripts $base/lib/car_sim --single-version-externally-managed install_data
