[0.089s] DEBUG:colcon:Command line arguments: ['/usr/bin/colcon', 'build', '--symlink-install', '--packages-select', 'car_sim']
[0.089s] DEBUG:colcon:Parsed command line arguments: Namespace(log_base=None, log_level=None, verb_name='build', build_base='build', install_base='install', merge_install=False, symlink_install=True, test_result_base=None, continue_on_error=False, executor='parallel', parallel_workers=20, event_handlers=None, ignore_user_meta=False, metas=['./colcon.meta'], base_paths=['.'], packages_ignore=None, packages_ignore_regex=None, paths=None, packages_up_to=None, packages_up_to_regex=None, packages_above=None, packages_above_and_dependencies=None, packages_above_depth=None, packages_select_by_dep=None, packages_skip_by_dep=None, packages_skip_up_to=None, packages_select_build_failed=False, packages_skip_build_finished=False, packages_select_test_failures=False, packages_skip_test_passed=False, packages_select=['car_sim'], packages_skip=None, packages_select_regex=None, packages_skip_regex=None, packages_start=None, packages_end=None, allow_overriding=[], cmake_args=None, cmake_target=None, cmake_target_skip_unavailable=False, cmake_clean_cache=False, cmake_clean_first=False, cmake_force_configure=False, ament_cmake_args=None, catkin_cmake_args=None, catkin_skip_building_tests=False, mixin_files=None, mixin=None, verb_parser=<colcon_mixin.mixin.mixin_argument.MixinArgumentDecorator object at 0x7e5e69c88440>, verb_extension=<colcon_core.verb.build.BuildVerb object at 0x7e5e69d074d0>, main=<bound method BuildVerb.main of <colcon_core.verb.build.BuildVerb object at 0x7e5e69d074d0>>, mixin_verb=('build',))
[0.123s] Level 1:colcon.colcon_core.package_discovery:discover_packages(colcon_meta) check parameters
[0.123s] Level 1:colcon.colcon_core.package_discovery:discover_packages(recursive) check parameters
[0.123s] Level 1:colcon.colcon_core.package_discovery:discover_packages(ignore) check parameters
[0.123s] Level 1:colcon.colcon_core.package_discovery:discover_packages(path) check parameters
[0.123s] Level 1:colcon.colcon_core.package_discovery:discover_packages(colcon_meta) discover
[0.123s] Level 1:colcon.colcon_core.package_discovery:discover_packages(recursive) discover
[0.123s] INFO:colcon.colcon_core.package_discovery:Crawling recursively for packages in '/home/jegur/gazebo_ws'
[0.123s] Level 1:colcon.colcon_core.package_identification:_identify(.) by extensions ['ignore', 'ignore_ament_install']
[0.123s] Level 1:colcon.colcon_core.package_identification:_identify(.) by extension 'ignore'
[0.123s] Level 1:colcon.colcon_core.package_identification:_identify(.) by extension 'ignore_ament_install'
[0.123s] Level 1:colcon.colcon_core.package_identification:_identify(.) by extensions ['colcon_pkg']
[0.124s] Level 1:colcon.colcon_core.package_identification:_identify(.) by extension 'colcon_pkg'
[0.124s] Level 1:colcon.colcon_core.package_identification:_identify(.) by extensions ['colcon_meta']
[0.124s] Level 1:colcon.colcon_core.package_identification:_identify(.) by extension 'colcon_meta'
[0.124s] Level 1:colcon.colcon_core.package_identification:_identify(.) by extensions ['ros']
[0.124s] Level 1:colcon.colcon_core.package_identification:_identify(.) by extension 'ros'
[0.144s] Level 1:colcon.colcon_core.package_identification:_identify(.) by extensions ['cmake', 'python']
[0.144s] Level 1:colcon.colcon_core.package_identification:_identify(.) by extension 'cmake'
[0.144s] Level 1:colcon.colcon_core.package_identification:_identify(.) by extension 'python'
[0.144s] Level 1:colcon.colcon_core.package_identification:_identify(.) by extensions ['python_setup_py']
[0.144s] Level 1:colcon.colcon_core.package_identification:_identify(.) by extension 'python_setup_py'
[0.144s] Level 1:colcon.colcon_core.package_identification:_identify(build) by extensions ['ignore', 'ignore_ament_install']
[0.144s] Level 1:colcon.colcon_core.package_identification:_identify(build) by extension 'ignore'
[0.144s] Level 1:colcon.colcon_core.package_identification:_identify(build) ignored
[0.144s] Level 1:colcon.colcon_core.package_identification:_identify(install) by extensions ['ignore', 'ignore_ament_install']
[0.144s] Level 1:colcon.colcon_core.package_identification:_identify(install) by extension 'ignore'
[0.144s] Level 1:colcon.colcon_core.package_identification:_identify(install) ignored
[0.144s] Level 1:colcon.colcon_core.package_identification:_identify(log) by extensions ['ignore', 'ignore_ament_install']
[0.144s] Level 1:colcon.colcon_core.package_identification:_identify(log) by extension 'ignore'
[0.144s] Level 1:colcon.colcon_core.package_identification:_identify(log) ignored
[0.144s] Level 1:colcon.colcon_core.package_identification:_identify(src) by extensions ['ignore', 'ignore_ament_install']
[0.144s] Level 1:colcon.colcon_core.package_identification:_identify(src) by extension 'ignore'
[0.144s] Level 1:colcon.colcon_core.package_identification:_identify(src) by extension 'ignore_ament_install'
[0.144s] Level 1:colcon.colcon_core.package_identification:_identify(src) by extensions ['colcon_pkg']
[0.144s] Level 1:colcon.colcon_core.package_identification:_identify(src) by extension 'colcon_pkg'
[0.144s] Level 1:colcon.colcon_core.package_identification:_identify(src) by extensions ['colcon_meta']
[0.144s] Level 1:colcon.colcon_core.package_identification:_identify(src) by extension 'colcon_meta'
[0.144s] Level 1:colcon.colcon_core.package_identification:_identify(src) by extensions ['ros']
[0.144s] Level 1:colcon.colcon_core.package_identification:_identify(src) by extension 'ros'
[0.144s] Level 1:colcon.colcon_core.package_identification:_identify(src) by extensions ['cmake', 'python']
[0.144s] Level 1:colcon.colcon_core.package_identification:_identify(src) by extension 'cmake'
[0.144s] Level 1:colcon.colcon_core.package_identification:_identify(src) by extension 'python'
[0.144s] Level 1:colcon.colcon_core.package_identification:_identify(src) by extensions ['python_setup_py']
[0.145s] Level 1:colcon.colcon_core.package_identification:_identify(src) by extension 'python_setup_py'
[0.145s] Level 1:colcon.colcon_core.package_identification:_identify(src/car_sim) by extensions ['ignore', 'ignore_ament_install']
[0.145s] Level 1:colcon.colcon_core.package_identification:_identify(src/car_sim) by extension 'ignore'
[0.145s] Level 1:colcon.colcon_core.package_identification:_identify(src/car_sim) by extension 'ignore_ament_install'
[0.145s] Level 1:colcon.colcon_core.package_identification:_identify(src/car_sim) by extensions ['colcon_pkg']
[0.145s] Level 1:colcon.colcon_core.package_identification:_identify(src/car_sim) by extension 'colcon_pkg'
[0.145s] Level 1:colcon.colcon_core.package_identification:_identify(src/car_sim) by extensions ['colcon_meta']
[0.145s] Level 1:colcon.colcon_core.package_identification:_identify(src/car_sim) by extension 'colcon_meta'
[0.145s] Level 1:colcon.colcon_core.package_identification:_identify(src/car_sim) by extensions ['ros']
[0.145s] Level 1:colcon.colcon_core.package_identification:_identify(src/car_sim) by extension 'ros'
[0.147s] DEBUG:colcon.colcon_core.package_identification:Package 'src/car_sim' with type 'ros.ament_python' and name 'car_sim'
[0.147s] Level 1:colcon.colcon_core.package_discovery:discover_packages(recursive) using defaults
[0.147s] Level 1:colcon.colcon_core.package_discovery:discover_packages(ignore) discover
[0.147s] Level 1:colcon.colcon_core.package_discovery:discover_packages(ignore) using defaults
[0.147s] Level 1:colcon.colcon_core.package_discovery:discover_packages(path) discover
[0.147s] Level 1:colcon.colcon_core.package_discovery:discover_packages(path) using defaults
[0.162s] Level 1:colcon.colcon_core.package_discovery:discover_packages(prefix_path) check parameters
[0.162s] Level 1:colcon.colcon_core.package_discovery:discover_packages(prefix_path) discover
[0.164s] DEBUG:colcon.colcon_installed_package_information.package_discovery:Found 319 installed packages in /opt/ros/jazzy
[0.164s] Level 1:colcon.colcon_core.package_discovery:discover_packages(prefix_path) using defaults
[0.191s] Level 5:colcon.colcon_core.verb:set package 'car_sim' build argument 'cmake_args' from command line to 'None'
[0.191s] Level 5:colcon.colcon_core.verb:set package 'car_sim' build argument 'cmake_target' from command line to 'None'
[0.191s] Level 5:colcon.colcon_core.verb:set package 'car_sim' build argument 'cmake_target_skip_unavailable' from command line to 'False'
[0.191s] Level 5:colcon.colcon_core.verb:set package 'car_sim' build argument 'cmake_clean_cache' from command line to 'False'
[0.191s] Level 5:colcon.colcon_core.verb:set package 'car_sim' build argument 'cmake_clean_first' from command line to 'False'
[0.191s] Level 5:colcon.colcon_core.verb:set package 'car_sim' build argument 'cmake_force_configure' from command line to 'False'
[0.191s] Level 5:colcon.colcon_core.verb:set package 'car_sim' build argument 'ament_cmake_args' from command line to 'None'
[0.191s] Level 5:colcon.colcon_core.verb:set package 'car_sim' build argument 'catkin_cmake_args' from command line to 'None'
[0.191s] Level 5:colcon.colcon_core.verb:set package 'car_sim' build argument 'catkin_skip_building_tests' from command line to 'False'
[0.191s] DEBUG:colcon.colcon_core.verb:Building package 'car_sim' with the following arguments: {'ament_cmake_args': None, 'build_base': '/home/jegur/gazebo_ws/build/car_sim', 'catkin_cmake_args': None, 'catkin_skip_building_tests': False, 'cmake_args': None, 'cmake_clean_cache': False, 'cmake_clean_first': False, 'cmake_force_configure': False, 'cmake_target': None, 'cmake_target_skip_unavailable': False, 'install_base': '/home/jegur/gazebo_ws/install/car_sim', 'merge_install': False, 'path': '/home/jegur/gazebo_ws/src/car_sim', 'symlink_install': True, 'test_result_base': None}
[0.191s] INFO:colcon.colcon_core.executor:Executing jobs using 'parallel' executor
[0.192s] DEBUG:colcon.colcon_parallel_executor.executor.parallel:run_until_complete
[0.192s] INFO:colcon.colcon_ros.task.ament_python.build:Building ROS package in '/home/jegur/gazebo_ws/src/car_sim' with build type 'ament_python'
[0.192s] Level 1:colcon.colcon_core.shell:create_environment_hook('car_sim', 'ament_prefix_path')
[0.195s] INFO:colcon.colcon_core.plugin_system:Skipping extension 'colcon_core.shell.bat': Not used on non-Windows systems
[0.195s] INFO:colcon.colcon_core.shell:Creating environment hook '/home/jegur/gazebo_ws/install/car_sim/share/car_sim/hook/ament_prefix_path.ps1'
[0.196s] INFO:colcon.colcon_core.shell:Creating environment descriptor '/home/jegur/gazebo_ws/install/car_sim/share/car_sim/hook/ament_prefix_path.dsv'
[0.196s] INFO:colcon.colcon_core.shell:Creating environment hook '/home/jegur/gazebo_ws/install/car_sim/share/car_sim/hook/ament_prefix_path.sh'
[0.196s] INFO:colcon.colcon_core.shell:Skip shell extension 'powershell' for command environment: Not usable outside of PowerShell
[0.197s] DEBUG:colcon.colcon_core.shell:Skip shell extension 'dsv' for command environment
[0.340s] INFO:colcon.colcon_core.task.python.build:Building Python package in '/home/jegur/gazebo_ws/src/car_sim'
[0.340s] INFO:colcon.colcon_core.shell:Skip shell extension 'powershell' for command environment: Not usable outside of PowerShell
[0.341s] DEBUG:colcon.colcon_core.shell:Skip shell extension 'dsv' for command environment
[0.749s] DEBUG:colcon.colcon_core.task.python.build:Available setuptools commands: saveopts, install, easy_install, register, bdist, install_egg_info, update_catalog, upload_docs, build_scripts, install_lib, build_clib, symlink_data, editable_wheel, egg_info, rotate, sdist, dist_info, develop, alias, init_catalog, bdist_egg, check, bdist_dumb, build_ext, upload, install_scripts, test, clean, bdist_rpm, setopt, compile_catalog, extract_messages, install_headers, install_data, build, build_py
[0.953s] DEBUG:colcon.colcon_core.task.python.build:Available setuptools 'develop' options: --no-deps, --quiet, --always-unzip, --help, --force-installation-into-system-dir, --install-dir, --install-layout, --user, --build-directory, --record, --always-copy, --multi-version, --egg-path, --site-dirs, --no-user-cfg, --find-links, --prefix, --script-dir, --editable, --no-find-links, --index-url, --exclude-scripts, --local-snapshots-ok, --allow-hosts, --upgrade, --zip-ok, --dry-run, --verbose, --optimize, --version, --uninstall
[0.956s] DEBUG:colcon.colcon_core.task.python.build:While undoing a previous installation files outside the Python library path are being ignored: /home/jegur/gazebo_ws/install/car_sim/share/ament_index/resource_index/packages/car_sim
[0.956s] DEBUG:colcon.colcon_core.task.python.build:While undoing a previous installation files outside the Python library path are being ignored: /home/jegur/gazebo_ws/install/car_sim/share/car_sim/package.xml
[0.956s] DEBUG:colcon.colcon_core.task.python.build:While undoing a previous installation files outside the Python library path are being ignored: /home/jegur/gazebo_ws/install/car_sim/share/car_sim/launch/car.launch.py
[0.956s] DEBUG:colcon.colcon_core.task.python.build:While undoing a previous installation files outside the Python library path are being ignored: /home/jegur/gazebo_ws/install/car_sim/share/car_sim/urdf/gazebo.xacro
[0.956s] DEBUG:colcon.colcon_core.task.python.build:While undoing a previous installation files outside the Python library path are being ignored: /home/jegur/gazebo_ws/install/car_sim/share/car_sim/urdf/inertial.xacro
[0.956s] DEBUG:colcon.colcon_core.task.python.build:While undoing a previous installation files outside the Python library path are being ignored: /home/jegur/gazebo_ws/install/car_sim/share/car_sim/urdf/car.xacro
[0.956s] DEBUG:colcon.colcon_core.task.python.build:While undoing a previous installation files outside the Python library path are being ignored: /home/jegur/gazebo_ws/install/car_sim/share/car_sim/worlds/city_world.sdf
[0.958s] DEBUG:colcon.colcon_core.event_handler.log_command:Invoking command in '/home/jegur/gazebo_ws/build/car_sim': DEBUGINFOD_URLS=https://debuginfod.ubuntu.com PYTHONPATH=/home/jegur/gazebo_ws/build/car_sim/prefix_override:/usr/lib/python3/dist-packages/colcon_core/task/python/colcon_distutils_commands:/home/jegur/gazebo_ws/install/car_sim/lib/python3.12/site-packages:${PYTHONPATH} /usr/bin/python3 -W ignore:setup.py install is deprecated -W ignore:easy_install command is deprecated setup.py develop --editable --build-directory /home/jegur/gazebo_ws/build/car_sim/build --no-deps symlink_data --force
[1.342s] Level 1:colcon.colcon_core.shell:create_environment_hook('car_sim', 'pythonpath_develop')
[1.342s] INFO:colcon.colcon_core.shell:Creating environment hook '/home/jegur/gazebo_ws/build/car_sim/share/car_sim/hook/pythonpath_develop.ps1'
[1.343s] DEBUG:colcon.colcon_core.event_handler.log_command:Invoked command in '/home/jegur/gazebo_ws/build/car_sim' returned '0': DEBUGINFOD_URLS=https://debuginfod.ubuntu.com PYTHONPATH=/home/jegur/gazebo_ws/build/car_sim/prefix_override:/usr/lib/python3/dist-packages/colcon_core/task/python/colcon_distutils_commands:/home/jegur/gazebo_ws/install/car_sim/lib/python3.12/site-packages:${PYTHONPATH} /usr/bin/python3 -W ignore:setup.py install is deprecated -W ignore:easy_install command is deprecated setup.py develop --editable --build-directory /home/jegur/gazebo_ws/build/car_sim/build --no-deps symlink_data --force
[1.343s] INFO:colcon.colcon_core.shell:Creating environment descriptor '/home/jegur/gazebo_ws/build/car_sim/share/car_sim/hook/pythonpath_develop.dsv'
[1.343s] INFO:colcon.colcon_core.shell:Creating environment hook '/home/jegur/gazebo_ws/build/car_sim/share/car_sim/hook/pythonpath_develop.sh'
[1.347s] Level 1:colcon.colcon_core.environment:checking '/home/jegur/gazebo_ws/install/car_sim' for CMake module files
[1.347s] Level 1:colcon.colcon_core.environment:checking '/home/jegur/gazebo_ws/install/car_sim' for CMake config files
[1.348s] Level 1:colcon.colcon_core.environment:checking '/home/jegur/gazebo_ws/install/car_sim/lib'
[1.348s] Level 1:colcon.colcon_core.environment:checking '/home/jegur/gazebo_ws/install/car_sim/bin'
[1.348s] Level 1:colcon.colcon_core.environment:checking '/home/jegur/gazebo_ws/install/car_sim/lib/pkgconfig/car_sim.pc'
[1.348s] Level 1:colcon.colcon_core.environment:checking '/home/jegur/gazebo_ws/install/car_sim/lib/python3.12/site-packages'
[1.348s] Level 1:colcon.colcon_core.shell:create_environment_hook('car_sim', 'pythonpath')
[1.348s] INFO:colcon.colcon_core.shell:Creating environment hook '/home/jegur/gazebo_ws/install/car_sim/share/car_sim/hook/pythonpath.ps1'
[1.349s] INFO:colcon.colcon_core.shell:Creating environment descriptor '/home/jegur/gazebo_ws/install/car_sim/share/car_sim/hook/pythonpath.dsv'
[1.349s] INFO:colcon.colcon_core.shell:Creating environment hook '/home/jegur/gazebo_ws/install/car_sim/share/car_sim/hook/pythonpath.sh'
[1.349s] Level 1:colcon.colcon_core.environment:checking '/home/jegur/gazebo_ws/install/car_sim/bin'
[1.349s] Level 1:colcon.colcon_core.environment:create_environment_scripts_only(car_sim)
[1.350s] INFO:colcon.colcon_core.shell:Creating package script '/home/jegur/gazebo_ws/install/car_sim/share/car_sim/package.ps1'
[1.350s] INFO:colcon.colcon_core.shell:Creating package descriptor '/home/jegur/gazebo_ws/install/car_sim/share/car_sim/package.dsv'
[1.351s] INFO:colcon.colcon_core.shell:Creating package script '/home/jegur/gazebo_ws/install/car_sim/share/car_sim/package.sh'
[1.351s] INFO:colcon.colcon_core.shell:Creating package script '/home/jegur/gazebo_ws/install/car_sim/share/car_sim/package.bash'
[1.352s] INFO:colcon.colcon_core.shell:Creating package script '/home/jegur/gazebo_ws/install/car_sim/share/car_sim/package.zsh'
[1.352s] Level 1:colcon.colcon_core.environment:create_file_with_runtime_dependencies(/home/jegur/gazebo_ws/install/car_sim/share/colcon-core/packages/car_sim)
[1.352s] DEBUG:colcon.colcon_parallel_executor.executor.parallel:closing loop
[1.353s] DEBUG:colcon.colcon_parallel_executor.executor.parallel:loop closed
[1.353s] DEBUG:colcon.colcon_parallel_executor.executor.parallel:run_until_complete finished with '0'
[1.353s] DEBUG:colcon.colcon_core.event_reactor:joining thread
[1.359s] INFO:colcon.colcon_core.plugin_system:Skipping extension 'colcon_notification.desktop_notification.terminal_notifier': Not used on non-Darwin systems
[1.360s] INFO:colcon.colcon_core.plugin_system:Skipping extension 'colcon_notification.desktop_notification.win32': Not used on non-Windows systems
[1.360s] INFO:colcon.colcon_notification.desktop_notification:Sending desktop notification using 'notify2'
[1.373s] DEBUG:colcon.colcon_core.event_reactor:joined thread
[1.374s] INFO:colcon.colcon_core.shell:Creating prefix script '/home/jegur/gazebo_ws/install/local_setup.ps1'
[1.374s] INFO:colcon.colcon_core.shell:Creating prefix util module '/home/jegur/gazebo_ws/install/_local_setup_util_ps1.py'
[1.375s] INFO:colcon.colcon_core.shell:Creating prefix chain script '/home/jegur/gazebo_ws/install/setup.ps1'
[1.376s] INFO:colcon.colcon_core.shell:Creating prefix script '/home/jegur/gazebo_ws/install/local_setup.sh'
[1.376s] INFO:colcon.colcon_core.shell:Creating prefix util module '/home/jegur/gazebo_ws/install/_local_setup_util_sh.py'
[1.376s] INFO:colcon.colcon_core.shell:Creating prefix chain script '/home/jegur/gazebo_ws/install/setup.sh'
[1.377s] INFO:colcon.colcon_core.shell:Creating prefix script '/home/jegur/gazebo_ws/install/local_setup.bash'
[1.377s] INFO:colcon.colcon_core.shell:Creating prefix chain script '/home/jegur/gazebo_ws/install/setup.bash'
[1.378s] INFO:colcon.colcon_core.shell:Creating prefix script '/home/jegur/gazebo_ws/install/local_setup.zsh'
[1.378s] INFO:colcon.colcon_core.shell:Creating prefix chain script '/home/jegur/gazebo_ws/install/setup.zsh'
