[0.765s] Invoking command in '/home/jegur/gazebo_ws/build/car_sim': DEBUGINFOD_URLS=https://debuginfod.ubuntu.com PYTHONPATH=/home/jegur/gazebo_ws/build/car_sim/prefix_override:/usr/lib/python3/dist-packages/colcon_core/task/python/colcon_distutils_commands:/home/jegur/gazebo_ws/install/car_sim/lib/python3.12/site-packages:${PYTHONPATH} /usr/bin/python3 -W ignore:setup.py install is deprecated -W ignore:easy_install command is deprecated setup.py develop --editable --build-directory /home/jegur/gazebo_ws/build/car_sim/build --no-deps symlink_data --force
[0.974s] running develop
[1.084s] running egg_info
[1.095s] writing car_sim.egg-info/PKG-INFO
[1.097s] writing dependency_links to car_sim.egg-info/dependency_links.txt
[1.097s] writing requirements to car_sim.egg-info/requires.txt
[1.097s] writing top-level names to car_sim.egg-info/top_level.txt
[1.119s] reading manifest file 'car_sim.egg-info/SOURCES.txt'
[1.120s] writing manifest file 'car_sim.egg-info/SOURCES.txt'
[1.131s] running build_ext
[1.131s] Creating /home/jegur/gazebo_ws/install/car_sim/lib/python3.12/site-packages/car-sim.egg-link (link to .)
[1.131s] 
[1.132s] Installed /home/jegur/gazebo_ws/build/car_sim
[1.132s] running symlink_data
[1.132s] symbolically linking /home/jegur/gazebo_ws/build/car_sim/resource/car_sim -> /home/jegur/gazebo_ws/install/car_sim/share/ament_index/resource_index/packages
[1.132s] symbolically linking /home/jegur/gazebo_ws/build/car_sim/package.xml -> /home/jegur/gazebo_ws/install/car_sim/share/car_sim
[1.132s] symbolically linking /home/jegur/gazebo_ws/build/car_sim/launch/car.launch.py -> /home/jegur/gazebo_ws/install/car_sim/share/car_sim/launch
[1.132s] symbolically linking /home/jegur/gazebo_ws/build/car_sim/urdf/gazebo.xacro -> /home/jegur/gazebo_ws/install/car_sim/share/car_sim/urdf
[1.132s] symbolically linking /home/jegur/gazebo_ws/build/car_sim/urdf/inertial.xacro -> /home/jegur/gazebo_ws/install/car_sim/share/car_sim/urdf
[1.132s] symbolically linking /home/jegur/gazebo_ws/build/car_sim/urdf/car.xacro -> /home/jegur/gazebo_ws/install/car_sim/share/car_sim/urdf
[1.132s] symbolically linking /home/jegur/gazebo_ws/build/car_sim/map/city_world.sdf -> /home/jegur/gazebo_ws/install/car_sim/share/car_sim/worlds
[1.150s] Invoked command in '/home/jegur/gazebo_ws/build/car_sim' returned '0': DEBUGINFOD_URLS=https://debuginfod.ubuntu.com PYTHONPATH=/home/jegur/gazebo_ws/build/car_sim/prefix_override:/usr/lib/python3/dist-packages/colcon_core/task/python/colcon_distutils_commands:/home/jegur/gazebo_ws/install/car_sim/lib/python3.12/site-packages:${PYTHONPATH} /usr/bin/python3 -W ignore:setup.py install is deprecated -W ignore:easy_install command is deprecated setup.py develop --editable --build-directory /home/jegur/gazebo_ws/build/car_sim/build --no-deps symlink_data --force
