[0.500s] Invoking command in '/home/jegur/gazebo_ws/src/car_sim': DEBUGINFOD_URLS=https://debuginfod.ubuntu.com PYTHONPATH=/home/jegur/gazebo_ws/build/car_sim/prefix_override:/usr/lib/python3/dist-packages/colcon_core/task/python/colcon_distutils_commands:/home/jegur/gazebo_ws/install/car_sim/lib/python3.12/site-packages:${PYTHONPATH} /usr/bin/python3 -W ignore:setup.py install is deprecated -W ignore:easy_install command is deprecated setup.py egg_info --egg-base ../../build/car_sim build --build-base /home/jegur/gazebo_ws/build/car_sim/build install --record /home/jegur/gazebo_ws/build/car_sim/install.log --install-scripts $base/lib/car_sim --single-version-externally-managed install_data
[0.678s] running egg_info
[0.689s] writing ../../build/car_sim/car_sim.egg-info/PKG-INFO
[0.689s] writing dependency_links to ../../build/car_sim/car_sim.egg-info/dependency_links.txt
[0.689s] writing entry points to ../../build/car_sim/car_sim.egg-info/entry_points.txt
[0.689s] writing requirements to ../../build/car_sim/car_sim.egg-info/requires.txt
[0.689s] writing top-level names to ../../build/car_sim/car_sim.egg-info/top_level.txt
[0.713s] reading manifest file '../../build/car_sim/car_sim.egg-info/SOURCES.txt'
[0.714s] writing manifest file '../../build/car_sim/car_sim.egg-info/SOURCES.txt'
[0.714s] running build
[0.714s] running build_py
[0.714s] copying camera/test.py -> /home/jegur/gazebo_ws/build/car_sim/build/lib/camera
[0.714s] copying camera/camera_test.py -> /home/jegur/gazebo_ws/build/car_sim/build/lib/camera
[0.714s] running install
[0.718s] running install_lib
[0.730s] copying /home/jegur/gazebo_ws/build/car_sim/build/lib/camera/test.py -> /home/jegur/gazebo_ws/install/car_sim/lib/python3.12/site-packages/camera
[0.730s] copying /home/jegur/gazebo_ws/build/car_sim/build/lib/camera/camera_test.py -> /home/jegur/gazebo_ws/install/car_sim/lib/python3.12/site-packages/camera
[0.730s] byte-compiling /home/jegur/gazebo_ws/install/car_sim/lib/python3.12/site-packages/camera/test.py to test.cpython-312.pyc
[0.733s] byte-compiling /home/jegur/gazebo_ws/install/car_sim/lib/python3.12/site-packages/camera/camera_test.py to camera_test.cpython-312.pyc
[0.735s] running install_data
[0.735s] running install_egg_info
[0.748s] removing '/home/jegur/gazebo_ws/install/car_sim/lib/python3.12/site-packages/car_sim-0.0.0-py3.12.egg-info' (and everything under it)
[0.748s] Copying ../../build/car_sim/car_sim.egg-info to /home/jegur/gazebo_ws/install/car_sim/lib/python3.12/site-packages/car_sim-0.0.0-py3.12.egg-info
[0.748s] running install_scripts
[0.825s] Installing camera_sensor script to /home/jegur/gazebo_ws/install/car_sim/lib/car_sim
[0.826s] Installing camera_sensor_test script to /home/jegur/gazebo_ws/install/car_sim/lib/car_sim
[0.826s] Installing camera_test script to /home/jegur/gazebo_ws/install/car_sim/lib/car_sim
[0.826s] writing list of installed files to '/home/jegur/gazebo_ws/build/car_sim/install.log'
[0.843s] Invoked command in '/home/jegur/gazebo_ws/src/car_sim' returned '0': DEBUGINFOD_URLS=https://debuginfod.ubuntu.com PYTHONPATH=/home/jegur/gazebo_ws/build/car_sim/prefix_override:/usr/lib/python3/dist-packages/colcon_core/task/python/colcon_distutils_commands:/home/jegur/gazebo_ws/install/car_sim/lib/python3.12/site-packages:${PYTHONPATH} /usr/bin/python3 -W ignore:setup.py install is deprecated -W ignore:easy_install command is deprecated setup.py egg_info --egg-base ../../build/car_sim build --build-base /home/jegur/gazebo_ws/build/car_sim/build install --record /home/jegur/gazebo_ws/build/car_sim/install.log --install-scripts $base/lib/car_sim --single-version-externally-managed install_data
