[0.514s] Invoking command in '/home/jegur/gazebo_ws/src/car_sim': DEBUGINFOD_URLS=https://debuginfod.ubuntu.com PYTHONPATH=/home/jegur/gazebo_ws/build/car_sim/prefix_override:/usr/lib/python3/dist-packages/colcon_core/task/python/colcon_distutils_commands:/home/jegur/gazebo_ws/install/car_sim/lib/python3.12/site-packages:${PYTHONPATH} /usr/bin/python3 -W ignore:setup.py install is deprecated -W ignore:easy_install command is deprecated setup.py egg_info --egg-base ../../build/car_sim build --build-base /home/jegur/gazebo_ws/build/car_sim/build install --record /home/jegur/gazebo_ws/build/car_sim/install.log --install-scripts $base/lib/car_sim --single-version-externally-managed install_data
[0.679s] running egg_info
[0.690s] writing ../../build/car_sim/car_sim.egg-info/PKG-INFO
[0.690s] writing dependency_links to ../../build/car_sim/car_sim.egg-info/dependency_links.txt
[0.690s] writing requirements to ../../build/car_sim/car_sim.egg-info/requires.txt
[0.690s] writing top-level names to ../../build/car_sim/car_sim.egg-info/top_level.txt
[0.714s] reading manifest file '../../build/car_sim/car_sim.egg-info/SOURCES.txt'
[0.714s] writing manifest file '../../build/car_sim/car_sim.egg-info/SOURCES.txt'
[0.714s] running build
[0.714s] running build_py
[0.714s] running install
[0.719s] running install_lib
[0.730s] running install_data
[0.730s] copying map/city_world.sdf -> /home/jegur/gazebo_ws/install/car_sim/share/car_sim/worlds
[0.730s] running install_egg_info
[0.742s] removing '/home/jegur/gazebo_ws/install/car_sim/lib/python3.12/site-packages/car_sim-0.0.0-py3.12.egg-info' (and everything under it)
[0.742s] Copying ../../build/car_sim/car_sim.egg-info to /home/jegur/gazebo_ws/install/car_sim/lib/python3.12/site-packages/car_sim-0.0.0-py3.12.egg-info
[0.742s] running install_scripts
[0.823s] writing list of installed files to '/home/jegur/gazebo_ws/build/car_sim/install.log'
[0.842s] Invoked command in '/home/jegur/gazebo_ws/src/car_sim' returned '0': DEBUGINFOD_URLS=https://debuginfod.ubuntu.com PYTHONPATH=/home/jegur/gazebo_ws/build/car_sim/prefix_override:/usr/lib/python3/dist-packages/colcon_core/task/python/colcon_distutils_commands:/home/jegur/gazebo_ws/install/car_sim/lib/python3.12/site-packages:${PYTHONPATH} /usr/bin/python3 -W ignore:setup.py install is deprecated -W ignore:easy_install command is deprecated setup.py egg_info --egg-base ../../build/car_sim build --build-base /home/jegur/gazebo_ws/build/car_sim/build install --record /home/jegur/gazebo_ws/build/car_sim/install.log --install-scripts $base/lib/car_sim --single-version-externally-managed install_data
