[0.493s] Invoking command in '/home/jegur/gazebo_ws/src/car_sim': DEBUGINFOD_URLS=https://debuginfod.ubuntu.com PYTHONPATH=/home/jegur/gazebo_ws/build/car_sim/prefix_override:/usr/lib/python3/dist-packages/colcon_core/task/python/colcon_distutils_commands:/home/jegur/gazebo_ws/install/car_sim/lib/python3.12/site-packages:${PYTHONPATH} /usr/bin/python3 -W ignore:setup.py install is deprecated -W ignore:easy_install command is deprecated setup.py egg_info --egg-base ../../build/car_sim build --build-base /home/jegur/gazebo_ws/build/car_sim/build install --record /home/jegur/gazebo_ws/build/car_sim/install.log --install-scripts $base/lib/car_sim --single-version-externally-managed install_data
[0.657s] running egg_info
[0.668s] writing ../../build/car_sim/car_sim.egg-info/PKG-INFO
[0.668s] writing dependency_links to ../../build/car_sim/car_sim.egg-info/dependency_links.txt
[0.668s] writing requirements to ../../build/car_sim/car_sim.egg-info/requires.txt
[0.668s] writing top-level names to ../../build/car_sim/car_sim.egg-info/top_level.txt
[0.690s] reading manifest file '../../build/car_sim/car_sim.egg-info/SOURCES.txt'
[0.690s] writing manifest file '../../build/car_sim/car_sim.egg-info/SOURCES.txt'
[0.690s] running build
[0.690s] running build_py
[0.691s] running install
[0.695s] running install_lib
[0.706s] running install_data
[0.706s] copying launch/car.launch.py -> /home/jegur/gazebo_ws/install/car_sim/share/car_sim/launch
[0.707s] running install_egg_info
[0.718s] removing '/home/jegur/gazebo_ws/install/car_sim/lib/python3.12/site-packages/car_sim-0.0.0-py3.12.egg-info' (and everything under it)
[0.719s] Copying ../../build/car_sim/car_sim.egg-info to /home/jegur/gazebo_ws/install/car_sim/lib/python3.12/site-packages/car_sim-0.0.0-py3.12.egg-info
[0.719s] running install_scripts
[0.807s] writing list of installed files to '/home/jegur/gazebo_ws/build/car_sim/install.log'
[0.826s] Invoked command in '/home/jegur/gazebo_ws/src/car_sim' returned '0': DEBUGINFOD_URLS=https://debuginfod.ubuntu.com PYTHONPATH=/home/jegur/gazebo_ws/build/car_sim/prefix_override:/usr/lib/python3/dist-packages/colcon_core/task/python/colcon_distutils_commands:/home/jegur/gazebo_ws/install/car_sim/lib/python3.12/site-packages:${PYTHONPATH} /usr/bin/python3 -W ignore:setup.py install is deprecated -W ignore:easy_install command is deprecated setup.py egg_info --egg-base ../../build/car_sim build --build-base /home/jegur/gazebo_ws/build/car_sim/build install --record /home/jegur/gazebo_ws/build/car_sim/install.log --install-scripts $base/lib/car_sim --single-version-externally-managed install_data
