running egg_info
writing ../../build/car_sim/car_sim.egg-info/PKG-INFO
writing dependency_links to ../../build/car_sim/car_sim.egg-info/dependency_links.txt
writing entry points to ../../build/car_sim/car_sim.egg-info/entry_points.txt
writing requirements to ../../build/car_sim/car_sim.egg-info/requires.txt
writing top-level names to ../../build/car_sim/car_sim.egg-info/top_level.txt
reading manifest file '../../build/car_sim/car_sim.egg-info/SOURCES.txt'
writing manifest file '../../build/car_sim/car_sim.egg-info/SOURCES.txt'
running build
running build_py
copying camera/camera_test.py -> /home/jegur/gazebo_ws/build/car_sim/build/lib/camera
running install
running install_lib
copying /home/jegur/gazebo_ws/build/car_sim/build/lib/camera/camera_test.py -> /home/jegur/gazebo_ws/install/car_sim/lib/python3.12/site-packages/camera
byte-compiling /home/jegur/gazebo_ws/install/car_sim/lib/python3.12/site-packages/camera/camera_test.py to camera_test.cpython-312.pyc
running install_data
copying map/control_world.sdf -> /home/jegur/gazebo_ws/install/car_sim/share/car_sim/worlds
running install_egg_info
removing '/home/jegur/gazebo_ws/install/car_sim/lib/python3.12/site-packages/car_sim-0.0.0-py3.12.egg-info' (and everything under it)
Copying ../../build/car_sim/car_sim.egg-info to /home/jegur/gazebo_ws/install/car_sim/lib/python3.12/site-packages/car_sim-0.0.0-py3.12.egg-info
running install_scripts
Installing camera_sensor script to /home/jegur/gazebo_ws/install/car_sim/lib/car_sim
Installing camera_sensor_test script to /home/jegur/gazebo_ws/install/car_sim/lib/car_sim
Installing camera_test script to /home/jegur/gazebo_ws/install/car_sim/lib/car_sim
writing list of installed files to '/home/jegur/gazebo_ws/build/car_sim/install.log'
